// Jest Snapshot v1, https://goo.gl/fbAQLP

exports[`Snapshot for Expnsify Edit Page 1`] = `
<div>
  <ExpenseForm
    expense={
      Object {
        "amount": 3500,
        "createdAt": 259200000,
        "description": "Electricity",
        "id": "2",
        "note": "October month",
      }
    }
    onSubmit={[Function]}
  />
  <div>
    <button
      onClick={[Function]}
    >
       Delete 
    </button>
  </div>
</div>
`;
