// Jest Snapshot v1, https://goo.gl/fbAQLP

exports[`Testing PAGE NOT FOUND Component 1`] = `
<div>
  <h3>
    404 Page NOT FOUND
  </h3>
  <Link
    replace={false}
    to="/"
  >
     Home Page 
  </Link>
</div>
`;
